// Jest Snapshot v1, https://goo.gl/fbAQLP

exports[`should render homepage 1`] = `
<div>
  <div>
    National Toddler Kickball League
  </div>
</div>
`;
