// Jest Snapshot v1, https://goo.gl/fbAQLP

exports[`should render teamList 1`] = `
<div>
  <div>
    <h4>
      top 6 baby teams (nationally ranked)
    </h4>
    <ul />
  </div>
</div>
`;
